\BOOKMARK [0][-]{chapter.1}{\376\377\000I\000n\000t\000r\000o\000d\000u\000c\000t\000i\000o\000n}{}% 1
\BOOKMARK [1][-]{section.1.1}{\376\377\000B\000a\000c\000k\000g\000r\000o\000u\000n\000d}{chapter.1}% 2
\BOOKMARK [2][-]{subsection.1.1.1}{\376\377\000E\000v\000a\000c\000u\000a\000t\000i\000o\000n\000\040\000R\000o\000u\000t\000i\000n\000g\000\040\000O\000v\000e\000r\000v\000i\000e\000w}{section.1.1}% 3
\BOOKMARK [1][-]{section.1.2}{\376\377\000S\000h\000o\000r\000t\000\040\000S\000e\000c\000t\000i\000o\000n\000\040\000T\000i\000t\000l\000e}{chapter.1}% 4
\BOOKMARK [1][-]{section.1.3}{\376\377\000E\000x\000a\000m\000p\000l\000e\000\040\000L\000i\000s\000t\000s}{chapter.1}% 5
\BOOKMARK [2][-]{subsection.1.3.1}{\376\377\000E\000n\000u\000m\000e\000r\000a\000t\000e\000d}{section.1.3}% 6
\BOOKMARK [2][-]{subsection.1.3.2}{\376\377\000I\000t\000e\000m\000i\000s\000e\000d}{section.1.3}% 7
\BOOKMARK [2][-]{subsection.1.3.3}{\376\377\000D\000e\000s\000c\000r\000i\000p\000t\000i\000o\000n}{section.1.3}% 8
\BOOKMARK [0][-]{chapter.2}{\376\377\000L\000i\000t\000e\000r\000a\000t\000u\000r\000e\000\040\000a\000n\000d\000\040\000T\000e\000c\000h\000n\000o\000l\000o\000g\000y\000\040\000S\000u\000r\000v\000e\000y}{}% 9
\BOOKMARK [0][-]{chapter.3}{\376\377\000R\000e\000q\000u\000i\000r\000e\000m\000e\000n\000t\000s}{}% 10
\BOOKMARK [0][-]{chapter.4}{\376\377\000D\000e\000s\000i\000g\000n}{}% 11
\BOOKMARK [0][-]{chapter.5}{\376\377\000I\000m\000p\000l\000e\000m\000e\000n\000t\000a\000t\000i\000o\000n\000\040\000a\000n\000d\000\040\000T\000e\000s\000t\000i\000n\000g}{}% 12
\BOOKMARK [0][-]{chapter.6}{\376\377\000R\000e\000s\000u\000l\000t\000s}{}% 13
\BOOKMARK [0][-]{chapter.7}{\376\377\000D\000i\000s\000c\000u\000s\000s\000i\000o\000n}{}% 14
\BOOKMARK [0][-]{chapter.8}{\376\377\000C\000o\000n\000c\000l\000u\000s\000i\000o\000n\000s}{}% 15
\BOOKMARK [0][-]{chapter*.9}{\376\377\000R\000e\000f\000e\000r\000e\000n\000c\000e\000s}{}% 16
\BOOKMARK [0][-]{appendix.A}{\376\377\000D\000e\000s\000i\000g\000n\000\040\000D\000i\000a\000g\000r\000a\000m\000s}{}% 17
\BOOKMARK [0][-]{appendix.B}{\376\377\000U\000s\000e\000r\000\040\000D\000o\000c\000u\000m\000e\000n\000t\000a\000t\000i\000o\000n}{}% 18
\BOOKMARK [0][-]{appendix.C}{\376\377\000R\000a\000w\000\040\000R\000e\000s\000u\000l\000t\000s\000\040\000O\000u\000t\000p\000u\000t}{}% 19
\BOOKMARK [0][-]{appendix.D}{\376\377\000C\000o\000d\000e}{}% 20
\BOOKMARK [1][-]{section.D.1}{\376\377\000F\000i\000l\000e\000:\000\040\000y\000o\000u\000r\000C\000o\000d\000e\000F\000i\000l\000e\000.\000j\000a\000v\000a}{appendix.D}% 21
